[{"key": "follow", "type": "removed", "old_value": false}, {"key": "host", "type": "unchanged", "value": "hexlet.io"}, {"key": "proxy", "type": "removed", "old_value": "123.234.53.22"}, {"key": "timeout", "type": "changed", "old_value": 50, "new_value": 20}, {"key": "verbose", "type": "added", "new_value": true}]